
### band feasibility and exact grid solutions under the engine's occurrence counts
| req | cur | residual | [sum occ*L, sum occ*U] | residual inside? | #exact grid solutions (our counts) | per-series implied nominal range vs engine |
|---|---|---|---|---|---|---|
| 02 | IDR | 7,803,300 | [7,433,677, 8,383,664] | yes (39% of the way) | 1825356070909 | utili [1,914,000,2,079,800] eng 2,035,800; healt [1,465,800,1,650,400] eng 1,539,000; groce [1,935,800,1,970,400] eng 1,935,800; trans [1,125,200,1,382,900] eng 1,212,000; dinin [993,100,1,299,900] eng 1,083,800 |
| 03 | IDR | 729,600 | [686,352, 763,311] | yes (56% of the way) | 2715383 | utili [270,600,298,100] eng 284,400; groce [188,100,202,300] eng 193,200; trans [90,900,99,700] eng 91,000; dinin [136,900,163,100] eng 149,900 |
| 04 | IDR | 8,291,600 | [5,701,612, 6,312,169] | NO (424% of the way) | 0 |  |
| 05 | ZAR | 15,721.20 | [14,457.68, 15,397.83] | NO (134% of the way) | 0 |  |
| 06 | EUR | 235.00 | [277.16, 290.75] | NO (-310% of the way) | 0 |  |
| 07 | INR | 16,450 | [16,130, 18,168] | yes (16% of the way) | 528 | utili [6,600,6,910] eng 6,790; groce [6,550,6,860] eng 7,120; trans [2,990,3,300] eng 3,220 |
| 08 | EUR | 99.00 | [98.15, 100.94] | yes (30% of the way) | 1 | groce [62.00,62.00] eng 62.00; trans [37.00,37.00] eng 37.00 |
| 10 | INR | 279,100 | [250,155, 258,064] | NO (366% of the way) | 0 |  |
| 11 | IDR | 8,000,900 | [7,829,074, 8,376,387] | yes (31% of the way) | 557530865 | utili [2,603,900,2,775,500] eng 2,720,200; healt [2,826,500,2,995,100] eng 2,944,000; groce [1,377,600,1,462,500] eng 1,421,300; trans [1,021,300,1,090,500] eng 1,088,000 |
| 13 | EUR | 2,165.00 | [2,061.41, 2,178.92] | yes (88% of the way) | 0 |  |
| 14 | EUR | 417.00 | [382.78, 425.67] | yes (80% of the way) | 54 | utili [154.00,160.00] eng 148.00; healt [93.00,99.00] eng 92.00; groce [110.00,112.00] eng 110.00; trans [49.00,52.00] eng 51.00 |
| 15 | EUR | 189.00 | [204.78, 230.29] | NO (-62% of the way) | 0 |  |
| 17 | INR | 37,370 | [37,045, 39,115] | yes (16% of the way) | 136 | utili [9,150,9,450] eng 9,540; groce [8,940,9,090] eng 9,100; trans [5,020,5,170] eng 5,280 |
| 18 | EUR | 401.00 | [390.93, 420.93] | yes (34% of the way) | 18 | utili [112.00,114.00] eng 112.00; healt [149.00,156.00] eng 155.00; groce [90.00,90.00] eng 90.00; trans [43.00,48.00] eng 44.00 |
| 19 | INR | 23,500 | [21,823, 23,977] | yes (78% of the way) | 5781 | utili [5,820,6,270] eng 5,960; healt [9,020,9,470] eng 8,810; groce [4,750,4,800] eng 4,770; trans [3,010,3,410] eng 3,080 |
| 20 | INR | 12,650 | [12,163, 13,461] | yes (38% of the way) | 672 | healt [5,950,6,420] eng 6,340; groce [3,690,3,900] eng 3,700; trans [2,540,2,840] eng 2,670 |
| 21 | USD | 251.00 | [232.39, 268.96] | yes (51% of the way) | 60 | utili [114.00,128.00] eng 121.00; groce [82.00,91.00] eng 84.00; trans [41.00,46.00] eng 41.00 |
| 22 | EUR | 86.00 | [82.46, 87.04] | yes (77% of the way) | 1 | utili [31.00,31.00] eng 31.00; groce [25.00,25.00] eng 24.00; trans [13.00,13.00] eng 13.00; dinin [17.00,17.00] eng 17.00 |
| 23 | ZAR | 6,833.20 | [6,490.02, 7,015.23] | yes (65% of the way) | 26506620 | utili [2,641.40,2,823.00] eng 2,754.40; healt [1,315.60,1,497.20] eng 1,361.60; groce [1,725.00,1,746.60] eng 1,732.40; trans [876.20,948.00] eng 888.40 |
| 24 | INR | 12,940 | [12,470, 13,661] | yes (39% of the way) | 37545 | utili [3,120,3,460] eng 3,300; shopp [2,400,2,720] eng 2,510; enter [1,900,2,090] eng 1,930; groce [2,320,2,530] eng 2,320; trans [1,380,1,410] eng 1,380 |
| 25 | IDR | 5,654,400 | [5,495,047, 5,785,421] | yes (55% of the way) | 3655415029673 | utili [1,251,100,1,365,700] eng 1,323,700; shopp [1,044,900,1,098,600] eng 1,059,000; enter [450,700,472,400] eng 459,600; groce [1,180,300,1,200,900] eng 1,199,200; trans [582,800,618,700] eng 592,500; dinin [985,500,1,028,800] eng 1,028,800 |

residual inside the band-feasible interval under our counts: 16/21

### count vectors (ours +/-1 per periodic series, 0..3; monthly series fixed at ours) that admit an exact band+grid solution
| req | our counts | exact under ours? | vectors with exact solutions (L1 from ours, n = number of grid solutions) |
|---|---|---|---|
| 02 | (1, 1, 1, 1, 1) [utili healt groce trans dinin] | yes | (1, 1, 1, 1, 1) L1=0 n=1825356070909, (1, 1, 1, 0, 2) L1=2 n=531634015, (1, 1, 1, 2, 0) L1=2 n=383252521, (1, 1, 0, 2, 2) L1=3 n=272938349 |
| 03 | (1, 1, 1, 1) [utili groce trans dinin] | yes | (1, 1, 1, 1) L1=0 n=2715383, (1, 0, 2, 2) L1=3 n=171 |
| 04 | (1, 1, 1, 1) [utili groce trans dinin] | NO | (1, 1, 2, 2) L1=2 n=39507354, (1, 2, 2, 1) L1=2 n=87140256, (1, 2, 0, 2) L1=3 n=617070 |
| 05 | (3, 3, 12, 6) [utili healt groce trans] | NO | (3, 3, 12, 7) L1=1 n=27596, (3, 3, 13, 6) L1=1 n=146154, (3, 3, 13, 7) L1=2 n=78076 |
| 06 | (1, 1, 1, 2, 2) [utili shopp groce trans dinin] | NO | (1, 1, 1, 2, 1) L1=1 n=3 |
| 07 | (1, 1, 1) [utili groce trans] | yes | (1, 1, 1) L1=0 n=528 |
| 08 | (1, 1) [groce trans] | yes | (1, 1) L1=0 n=1 |
| 10 | (3, 12, 12) [utili groce trans] | NO |  |
| 11 | (1, 1, 1, 1) [utili healt groce trans] | yes | (1, 1, 1, 1) L1=0 n=557530865, (1, 1, 0, 2) L1=2 n=289 |
| 13 | (2, 3, 10, 9, 5) [utili enter groce trans dinin] | NO | (2, 3, 10, 10, 5) L1=1 n=2, (2, 3, 11, 8, 5) L1=2 n=2, (2, 3, 11, 9, 4) L1=2 n=1, (2, 3, 9, 10, 6) L1=3 n=1, (2, 3, 11, 10, 4) L1=3 n=2 |
| 14 | (1, 1, 1, 1) [utili healt groce trans] | yes | (1, 1, 1, 1) L1=0 n=54 |
| 15 | (1, 1, 2) [utili groce trans] | NO | (1, 1, 1) L1=1 n=5, (1, 0, 3) L1=2 n=1 |
| 17 | (1, 2, 2) [utili groce trans] | yes | (1, 2, 2) L1=0 n=136 |
| 18 | (1, 1, 1, 1) [utili healt groce trans] | yes | (1, 1, 1, 1) L1=0 n=18 |
| 19 | (1, 1, 1, 1) [utili healt groce trans] | yes | (1, 1, 1, 1) L1=0 n=5781 |
| 20 | (1, 1, 1) [healt groce trans] | yes | (1, 1, 1) L1=0 n=672 |
| 21 | (1, 1, 1) [utili groce trans] | yes | (1, 1, 1) L1=0 n=60 |
| 22 | (1, 1, 1, 1) [utili groce trans dinin] | yes | (1, 1, 1, 1) L1=0 n=1 |
| 23 | (1, 1, 1, 1) [utili healt groce trans] | yes | (1, 1, 1, 1) L1=0 n=26506620 |
| 24 | (1, 1, 1, 1, 2) [utili shopp enter groce trans] | yes | (1, 1, 1, 1, 2) L1=0 n=37545 |
| 25 | (1, 1, 1, 1, 1, 1) [utili shopp enter groce trans dinin] | yes | (1, 1, 1, 1, 1, 1) L1=0 n=3655415029673 |

samples whose residual has an exact band+grid solution under our counts: 15/21

### extra estimators (need raw rows): within 1% / 2% of 21
* engine x 1.01: 5 / 11
* engine x 1.02: 5 / 9
* mean incl. image+linked rows: 4 / 8
* mean last 60 days: 1 / 4
* mean last 90 days: 3 / 8
* mean x (1+a/n): 5 / 10
* midrange snapped to grid: 7 / 12
