
### (a) residual on a coarse round-number grid
| req | cur | residual | on item grid? | nearest 100u | 500u | 1000u | rel dist 100u / 500u / 1000u |
|---|---|---|---|---|---|---|---|
| 02 | IDR | 7,803,300 | yes | 7,800,000 | 7,800,000 | 7,800,000 | 0.04% / 0.04% / 0.04% |
| 03 | IDR | 729,600 | yes | 730,000 | 750,000 | 700,000 | 0.05% / 2.80% / 4.06% |
| 04 | IDR | 8,291,600 | yes | 8,290,000 | 8,300,000 | 8,300,000 | 0.02% / 0.10% / 0.10% |
| 05 | ZAR | 15,721.20 | yes | 15,720.00 | 15,700.00 | 15,800.00 | 0.01% / 0.13% / 0.50% |
| 06 | EUR | 235.00 | yes | 200.00 | 0.00 | 0.00 | 14.89% / 100.00% / 100.00% |
| 07 | INR | 16,450 | yes | 16,000 | 15,000 | 20,000 | 2.74% / 8.81% / 21.58% |
| 08 | EUR | 99.00 | yes | 100.00 | 0.00 | 0.00 | 1.01% / 100.00% / 100.00% |
| 10 | INR | 279,100 | yes | 279,000 | 280,000 | 280,000 | 0.04% / 0.32% / 0.32% |
| 11 | IDR | 8,000,900 | yes | 8,000,000 | 8,000,000 | 8,000,000 | 0.01% / 0.01% / 0.01% |
| 13 | EUR | 2,165.00 | yes | 2,200.00 | 2,000.00 | 2,000.00 | 1.62% / 7.62% / 7.62% |
| 14 | EUR | 417.00 | yes | 400.00 | 500.00 | 0.00 | 4.08% / 19.90% / 100.00% |
| 15 | EUR | 189.00 | yes | 200.00 | 0.00 | 0.00 | 5.82% / 100.00% / 100.00% |
| 17 | INR | 37,370 | yes | 37,000 | 35,000 | 40,000 | 0.99% / 6.34% / 7.04% |
| 18 | EUR | 401.00 | yes | 400.00 | 500.00 | 0.00 | 0.25% / 24.69% / 100.00% |
| 19 | INR | 23,500 | yes | 24,000 | 25,000 | 20,000 | 2.13% / 6.38% / 14.89% |
| 20 | INR | 12,650 | yes | 13,000 | 15,000 | 10,000 | 2.77% / 18.58% / 20.95% |
| 21 | USD | 251.00 | yes | 300.00 | 500.00 | 0.00 | 19.52% / 99.20% / 100.00% |
| 22 | EUR | 86.00 | yes | 100.00 | 0.00 | 0.00 | 16.28% / 100.00% / 100.00% |
| 23 | ZAR | 6,833.20 | yes | 6,840.00 | 6,800.00 | 6,800.00 | 0.10% / 0.49% / 0.49% |
| 24 | INR | 12,940 | yes | 13,000 | 15,000 | 10,000 | 0.46% / 15.92% / 22.72% |
| 25 | IDR | 5,654,400 | yes | 5,650,000 | 5,650,000 | 5,700,000 | 0.08% / 0.08% / 0.81% |

residual exactly on the item grid: 21/21; exactly a multiple of 100u / 500u / 1000u: 0 / 0 / 0; within 1% of one: 11 / 7 / 7

### (b) leaked nominal / monthly salary, all users with a regular payroll
| category | series | nominal/salary min | median | max | CV | monthly-rate/salary min | median | max |
|---|---|---|---|---|---|---|---|---|
| dining | 135 | 0.0188 | 0.0361 | 0.0616 | 0.23 | 0.0359 | 0.0640 | 0.2517 |
| entertainment | 39 | 0.0119 | 0.0294 | 0.0650 | 0.33 | 0.0119 | 0.0294 | 0.0650 |
| gym | 11 | 0.0144 | 0.0203 | 0.0495 | 0.47 | 0.0144 | 0.0203 | 0.0495 |
| shopping | 65 | 0.0206 | 0.0426 | 0.0674 | 0.25 | 0.0206 | 0.0426 | 0.0674 |
| streaming | 58 | 0.0181 | 0.0244 | 0.0442 | 0.24 | 0.0181 | 0.0244 | 0.0442 |

implied residual / salary and per-occurrence engine amounts / salary for the fixed block (uncapped samples with a salary):
| req | residual/salary | unknown series: engine amount/salary (occ) |
|---|---|---|
| 02 | 0.1825 | utilities 0.0476(1) healthcare 0.0360(1) groceries 0.0453(1) transport 0.0284(1) dining 0.0254(1) |
| 03 | 0.1671 | utilities 0.0652(1) groceries 0.0443(1) transport 0.0208(1) dining 0.0343(1) |
| 04 | 0.2171 | utilities 0.0525(1) groceries 0.0391(1) transport 0.0214(1) dining 0.0458(1) |
| 06 | 0.2265 | utilities 0.0540(1) shopping 0.0405(1) groceries 0.0424(1) transport 0.0251(2) dining 0.0434(2) |
| 07 | 0.1104 | utilities 0.0456(1) groceries 0.0478(1) transport 0.0216(1) |
| 08 | 0.0696 | groceries 0.0436(1) transport 0.0260(1) |
| 11 | 0.3440 | utilities 0.1170(1) healthcare 0.1266(1) groceries 0.0611(1) transport 0.0468(1) |
| 13 | 1.6114 | utilities 0.1087(2) entertainment 0.0253(3) groceries 0.0744(10) transport 0.0342(9) dining 0.0476(5) |
| 14 | 0.1535 | utilities 0.0545(1) healthcare 0.0339(1) groceries 0.0405(1) transport 0.0188(1) |
| 15 | 0.1138 | utilities 0.0518(1) groceries 0.0361(1) transport 0.0205(2) |
| 17 | 0.1814 | utilities 0.0463(1) groceries 0.0442(2) transport 0.0256(2) |
| 18 | 0.1736 | utilities 0.0485(1) healthcare 0.0671(1) groceries 0.0390(1) transport 0.0190(1) |
| 19 | 0.1794 | utilities 0.0455(1) healthcare 0.0673(1) groceries 0.0364(1) transport 0.0235(1) |
| 20 | 0.1171 | healthcare 0.0587(1) groceries 0.0343(1) transport 0.0247(1) |
| 21 | 0.1113 | utilities 0.0536(1) groceries 0.0372(1) transport 0.0182(1) |
| 22 | 0.1396 | utilities 0.0503(1) groceries 0.0390(1) transport 0.0211(1) dining 0.0276(1) |
| 23 | 0.1493 | utilities 0.0602(1) healthcare 0.0298(1) groceries 0.0379(1) transport 0.0194(1) |
| 24 | 0.2121 | utilities 0.0541(1) shopping 0.0411(1) entertainment 0.0316(1) groceries 0.0380(1) transport 0.0226(2) |
| 25 | 0.1984 | utilities 0.0464(1) shopping 0.0372(1) entertainment 0.0161(1) groceries 0.0421(1) transport 0.0208(1) dining 0.0361(1) |

### (c)(d)(f) estimator hypotheses on the residual block — samples explained within 1% (of 21 uncapped with an unknown block)
| hypothesis | within 1% | within 2% | mean |rel err| |
|---|---|---|---|
| midrange | 7 | 11 | 4.82% |
| engine (clamp+snap mean) | 6 | 11 | 4.73% |
| imid | 5 | 12 | 4.84% |
| mean | 4 | 8 | 5.04% |
| mean to grid | 4 | 8 | 5.04% |
| mean to 10x grid | 4 | 8 | 5.91% |
| mean 3 sig figs | 4 | 7 | 5.03% |
| imid snapped | 3 | 12 | 4.86% |
| mean ceil 10x grid | 3 | 8 | 8.00% |
| mean 2 sig figs | 3 | 7 | 5.11% |
| median | 3 | 7 | 5.80% |
| last 3 mean | 3 | 7 | 6.63% |
| row ~1 month before request | 2 | 6 | 7.06% |
| row ~3 months before request | 2 | 5 | 6.38% |
| last observed | 2 | 4 | 8.37% |
| max/(1+a) (L) | 2 | 3 | 6.76% |
| window_1m_total | 2 | 2 | 17.50% |
| min/(1-a) (U) | 1 | 3 | 7.04% |
| mean + 0.5 sd | 1 | 2 | 7.20% |
| first observed (oldest) | 0 | 1 | 8.54% |
| max | 0 | 0 | 17.58% |
| min | 0 | 0 | 18.10% |
| monthly_rate_once | 0 | 0 | 101.75% |
| last30_total | 0 | 0 | 102.71% |
| last_calendar_month_total | 0 | 0 | 105.99% |

### (e) integer occurrence counts (0..3 per unknown series, engine nominals) that best explain the residual
| req | our counts | best counts | best rel err | #count vectors within 1% | ours within 1%? | nearest within-1% vector (L1 from ours) |
|---|---|---|---|---|---|---|
| 02 | (1, 1, 1, 1, 1) | (1, 1, 1, 1, 1) | 0.04% | 11 | yes (+0.04%) | (1, 1, 1, 1, 1) L1=0 [utili healt groce trans dinin] |
| 03 | (1, 1, 1, 1) | (0, 3, 0, 1) | 0.01% | 4 | no (+1.52%) | (0, 1, 1, 3) L1=3 [utili groce trans dinin] |
| 04 | (1, 1, 1, 1) | (3, 1, 1, 0) | 0.37% | 5 | no (+26.86%) | (1, 3, 0, 1) L1=3 [utili groce trans dinin] |
| 05 | (3, 3, 12, 6) | (3, 3, 3, 3) | 52.00% | 0 | no (+3.11%) | None L1=None [utili healt groce trans] |
| 06 | (1, 1, 1, 2, 2) | (1, 0, 1, 0, 3) | 0.00% | 10 | no (+20.85%) | (1, 2, 0, 2, 1) L1=3 [utili shopp groce trans dinin] |
| 07 | (1, 1, 1) | (1, 0, 3) | 0.00% | 1 | no (+4.13%) | (1, 0, 3) L1=3 [utili groce trans] |
| 08 | (1, 1) | (1, 1) | 0.00% | 1 | yes (+0.00%) | (1, 1) L1=0 [groce trans] |
| 10 | (3, 12, 12) | (3, 3, 3) | 63.53% | 0 | no (+9.48%) | None L1=None [utili groce trans] |
| 11 | (1, 1, 1, 1) | (0, 1, 2, 2) | 0.48% | 4 | no (+2.16%) | (2, 0, 1, 1) L1=2 [utili healt groce trans] |
| 13 | (2, 3, 10, 9, 5) | (3, 3, 3, 3, 3) | 45.96% | 0 | no (+1.71%) | None L1=None [utili enter groce trans dinin] |
| 14 | (1, 1, 1, 1) | (1, 0, 2, 1) | 0.48% | 2 | no (+3.84%) | (1, 0, 2, 1) L1=2 [utili healt groce trans] |
| 15 | (1, 1, 2) | (0, 2, 2) | 0.53% | 2 | no (+13.23%) | (0, 2, 2) L1=2 [utili groce trans] |
| 17 | (1, 2, 2) | (2, 2, 0) | 0.24% | 2 | no (+2.49%) | (2, 2, 0) L1=3 [utili groce trans] |
| 18 | (1, 1, 1, 1) | (1, 1, 1, 1) | 0.00% | 7 | yes (+0.00%) | (1, 1, 1, 1) L1=0 [utili healt groce trans] |
| 19 | (1, 1, 1, 1) | (0, 0, 3, 3) | 0.21% | 3 | no (+3.74%) | (1, 0, 3, 1) L1=3 [utili healt groce trans] |
| 20 | (1, 1, 1) | (2, 0, 0) | 0.24% | 3 | yes (+0.47%) | (1, 1, 1) L1=0 [healt groce trans] |
| 21 | (1, 1, 1) | (0, 2, 2) | 0.40% | 2 | no (+1.99%) | (0, 2, 2) L1=3 [utili groce trans] |
| 22 | (1, 1, 1, 1) | (2, 1, 0, 0) | 0.00% | 1 | no (+1.16%) | (2, 1, 0, 0) L1=3 [utili groce trans dinin] |
| 23 | (1, 1, 1, 1) | (1, 3, 0, 0) | 0.09% | 3 | no (+1.41%) | (1, 1, 0, 3) L1=3 [utili healt groce trans] |
| 24 | (1, 1, 1, 1, 2) | (0, 1, 3, 2, 0) | 0.00% | 13 | yes (+0.93%) | (1, 1, 1, 1, 2) L1=0 [utili shopp enter groce trans] |
| 25 | (1, 1, 1, 1, 1, 1) | (2, 1, 2, 0, 0, 1) | 0.00% | 48 | yes (+0.15%) | (1, 1, 1, 1, 1, 1) L1=0 [utili shopp enter groce trans dinin] |

samples with SOME count vector within 1%: 18; ours already within 1%: 6; explained only by a different vector: 12

### (f) residual = engine block +/- one occurrence of one unknown series?
| req | resid-eng | closest single +/-1 occurrence | rel err after | note |
|---|---|---|---|---|
| 02 | -3,100 (-0.04%) | -1 dining | 13.85% |  (already within 1%) |
| 03 | 11,100 (+1.52%) | +1 transport | 10.95% |  |
| 04 | 2,227,500 (+26.86%) | +1 utilities | 2.70% |  |
| 05 | 489.00 (+3.11%) | +1 transport | 0.47% | within 1% |
| 06 | -49.00 (-20.85%) | -1 dining | 1.70% |  |
| 07 | -680 (-4.13%) | -1 transport | 15.44% |  |
| 08 | -0.00 (-0.00%) | -1 transport | 37.37% |  (already within 1%) |
| 10 | 26,470 (+9.48%) | +1 utilities | 3.33% |  |
| 11 | -172,600 (-2.16%) | -1 transport | 11.44% |  |
| 13 | 37.00 (+1.71%) | +1 entertainment | 0.14% | within 1% |
| 14 | 16.00 (+3.84%) | +1 transport | 8.39% |  |
| 15 | -25.00 (-13.23%) | -1 transport | 4.76% |  |
| 17 | -930 (-2.49%) | -1 transport | 11.64% |  |
| 18 | 0.00 (+0.00%) | +1 transport | 10.97% |  (already within 1%) |
| 19 | 880 (+3.74%) | +1 transport | 9.36% |  |
| 20 | -60 (-0.47%) | -1 transport | 20.63% |  (already within 1%) |
| 21 | 5.00 (+1.99%) | +1 transport | 14.34% |  |
| 22 | 1.00 (+1.16%) | +1 transport | 13.95% |  |
| 23 | 96.40 (+1.41%) | +1 transport | 11.59% |  |
| 24 | 120 (+0.93%) | +1 transport | 9.74% |  (already within 1%) |
| 25 | -8,400 (-0.15%) | -1 entertainment | 7.98% |  (already within 1%) |

explained within 1% by +/- one occurrence: 2

### single-series blocks (nominal identified exactly)
