### per-series: implied nominal range (from the exact band+grid solutions) vs estimators
| req | series | n | occ | implied range | engine | mean | midrange | imid | median | last | first | in range: engine/mean/mid/imid/median/last |
|---|---|---|---|---|---|---|---|---|---|---|---|---|
| 02 | utilities | 5 | 1 | [1,914,000, 2,079,800] | 2,035,800 | 2,035,830 | 1,986,985 | 1,996,940 | 2,081,731 | 2,141,850 | 2,143,659 | Y/Y/Y/Y/n/n |
| 02 | healthcare | 5 | 1 | [1,465,800, 1,650,400] | 1,539,000 | 1,538,994 | 1,547,037 | 1,558,118 | 1,538,498 | 1,538,498 | 1,594,883 | Y/Y/Y/Y/Y/Y |
| 02 | groceries | 18 | 1 | [1,935,800, 1,970,400] * | 1,935,800 | 1,908,881 | 1,948,221 | 1,953,090 | 1,917,086 | 1,913,687 | 2,477,698 | Y/n/Y/Y/n/n |
| 02 | transport | 13 | 1 | [1,125,200, 1,382,900] | 1,212,000 | 1,211,968 | 1,217,974 | 1,254,057 | 1,294,201 | 1,062,310 | 1,373,039 | Y/Y/Y/Y/Y/n |
| 02 | dining | 9 | 1 | [993,100, 1,299,900] | 1,083,800 | 1,083,819 | 1,103,503 | 1,146,465 | 1,101,710 | 1,204,805 | 1,166,645 | Y/Y/Y/Y/Y/Y |
| 03 | utilities | 5 | 1 | [270,600, 298,100] | 284,400 | 284,388 | 282,694 | 284,346 | 290,684 | 262,345 | 295,330 | Y/Y/Y/Y/Y/n |
| 03 | groceries | 18 | 1 | [188,100, 202,300] | 193,200 | 193,165 | 193,199 | 195,201 | 184,467 | 200,239 | 159,577 | Y/Y/Y/Y/n/Y |
| 03 | transport | 9 | 1 | [90,900, 99,700] | 91,000 | 91,041 | 94,055 | 95,292 | 83,523 | 106,233 | 81,510 | Y/Y/Y/Y/n/n |
| 03 | dining | 9 | 1 | [136,900, 163,100] | 149,900 | 149,913 | 146,314 | 149,993 | 146,236 | 135,718 | 117,457 | Y/Y/Y/Y/Y/n |
| 07 | utilities | 5 | 1 | [6,600, 6,910] * | 6,790 | 6,789 | 6,734 | 6,753 | 7,050 | 6,210 | 7,219 | Y/Y/Y/Y/n/n |
| 07 | groceries | 13 | 1 | [6,550, 6,860] * | 7,120 | 7,116 | 7,023 | 7,208 | 7,280 | 5,711 | 8,381 | n/n/n/n/n/n |
| 07 | transport | 9 | 1 | [2,990, 3,300] | 3,220 | 3,220 | 3,131 | 3,187 | 3,146 | 3,146 | 3,691 | Y/Y/Y/Y/Y/Y |
| 08 | groceries | 26 | 1 | [62.00, 62.00] * | 62.00 | 59.04 | 62.20 | 62.57 | 54.69 | 72.38 | 78.42 | Y/n/Y/n/n/n |
| 08 | transport | 26 | 1 | [37.00, 37.00] * | 37.00 | 37.49 | 36.95 | 36.98 | 37.31 | 47.21 | 34.09 | Y/Y/Y/Y/Y/n |
| 11 | utilities | 5 | 1 | [2,603,900, 2,775,500] | 2,720,200 | 2,720,215 | 2,702,489 | 2,715,940 | 2,796,165 | 2,796,165 | 2,916,313 | Y/Y/Y/Y/n/n |
| 11 | healthcare | 5 | 1 | [2,826,500, 2,995,100] * | 2,944,000 | 2,943,993 | 2,900,701 | 2,910,825 | 2,973,573 | 2,826,902 | 2,635,765 | Y/Y/Y/Y/Y/Y |
| 11 | groceries | 18 | 1 | [1,377,600, 1,462,500] * | 1,421,300 | 1,421,333 | 1,408,136 | 1,420,048 | 1,400,963 | 1,341,187 | 1,053,064 | Y/Y/Y/Y/Y/n |
| 11 | transport | 13 | 1 | [1,021,300, 1,090,500] | 1,088,000 | 1,088,014 | 1,046,212 | 1,055,918 | 1,185,525 | 1,244,836 | 1,230,316 | Y/Y/Y/Y/n/n |
| 14 | utilities | 5 | 1 | [154.00, 160.00] * | 148.00 | 148.22 | 148.77 | 150.05 | 146.41 | 153.69 | 141.46 | n/n/n/n/n/Y |
| 14 | healthcare | 5 | 1 | [93.00, 99.00] | 92.00 | 91.90 | 91.50 | 92.40 | 92.08 | 87.84 | 92.08 | n/n/n/n/n/n |
| 14 | groceries | 26 | 1 | [110.00, 112.00] * | 110.00 | 104.80 | 110.86 | 111.29 | 99.00 | 129.56 | 103.53 | Y/n/Y/Y/n/n |
| 14 | transport | 13 | 1 | [49.00, 52.00] * | 51.00 | 51.06 | 49.97 | 50.48 | 52.26 | 43.88 | 46.75 | Y/Y/Y/Y/Y/n |
| 17 | utilities | 5 | 1 | [9,150, 9,450] * | 9,540 | 9,539 | 9,367 | 9,397 | 9,531 | 8,487 | 9,481 | n/n/Y/Y/n/n |
| 17 | groceries | 26 | 2 | [8,940, 9,090] * | 9,100 | 9,097 | 9,070 | 9,123 | 8,678 | 8,717 | 9,393 | n/n/Y/n/n/n |
| 17 | transport | 26 | 2 | [5,020, 5,170] * | 5,280 | 5,278 | 5,162 | 5,218 | 5,404 | 5,372 | 3,914 | n/n/Y/n/n/n |
| 18 | utilities | 5 | 1 | [112.00, 114.00] * | 112.00 | 111.27 | 113.00 | 113.14 | 107.43 | 107.43 | 100.59 | Y/n/Y/Y/n/n |
| 18 | healthcare | 5 | 1 | [149.00, 156.00] * | 155.00 | 155.41 | 156.03 | 157.33 | 152.41 | 147.96 | 164.10 | Y/Y/Y/n/Y/n |
| 18 | groceries | 18 | 1 | [90.00, 90.00] * | 90.00 | 93.42 | 89.92 | 89.95 | 95.32 | 111.41 | 64.84 | Y/n/Y/Y/n/n |
| 18 | transport | 13 | 1 | [43.00, 48.00] | 44.00 | 43.85 | 44.70 | 45.52 | 43.81 | 43.81 | 36.86 | Y/Y/Y/Y/Y/Y |
| 19 | utilities | 5 | 1 | [5,820, 6,270] | 5,960 | 5,956 | 5,834 | 5,881 | 6,030 | 6,129 | 6,141 | Y/Y/Y/Y/Y/Y |
| 19 | healthcare | 5 | 1 | [9,020, 9,470] * | 8,810 | 8,809 | 8,978 | 9,030 | 8,645 | 8,645 | 8,946 | n/n/n/Y/n/n |
| 19 | groceries | 25 | 1 | [4,750, 4,800] * | 4,770 | 4,773 | 4,766 | 4,775 | 4,744 | 4,068 | 4,419 | Y/Y/Y/Y/n/n |
| 19 | transport | 13 | 1 | [3,010, 3,410] | 3,080 | 3,080 | 3,156 | 3,214 | 3,054 | 2,766 | 3,054 | Y/Y/Y/Y/Y/n |
| 20 | healthcare | 5 | 1 | [5,950, 6,420] | 6,340 | 6,337 | 6,281 | 6,327 | 6,505 | 6,654 | 5,968 | Y/Y/Y/Y/n/n |
| 20 | groceries | 18 | 1 | [3,690, 3,900] * | 3,700 | 3,701 | 3,766 | 3,796 | 3,713 | 4,719 | 3,866 | Y/Y/Y/Y/Y/n |
| 20 | transport | 13 | 1 | [2,540, 2,840] | 2,670 | 2,675 | 2,645 | 2,688 | 2,632 | 3,244 | 2,046 | Y/Y/Y/Y/Y/n |
| 21 | utilities | 5 | 1 | [114.00, 128.00] | 121.00 | 121.18 | 119.69 | 120.91 | 122.18 | 124.08 | 115.31 | Y/Y/Y/Y/Y/Y |
| 21 | groceries | 18 | 1 | [82.00, 91.00] | 84.00 | 83.63 | 85.08 | 86.50 | 81.85 | 97.55 | 65.93 | Y/Y/Y/Y/Y/n |
| 21 | transport | 9 | 1 | [41.00, 46.00] | 41.00 | 41.20 | 42.40 | 43.27 | 38.96 | 36.86 | 38.96 | Y/Y/Y/Y/n/n |
| 22 | utilities | 5 | 1 | [31.00, 31.00] * | 31.00 | 30.56 | 30.53 | 30.59 | 31.52 | 27.34 | 32.53 | Y/Y/Y/Y/n/n |
| 22 | groceries | 26 | 1 | [25.00, 25.00] * | 24.00 | 23.95 | 24.08 | 24.39 | 23.43 | 26.82 | 23.95 | n/n/n/n/n/n |
| 22 | transport | 25 | 1 | [13.00, 13.00] * | 13.00 | 13.13 | 13.02 | 13.12 | 12.70 | 15.02 | 16.09 | Y/Y/Y/Y/Y/n |
| 22 | dining | 13 | 1 | [17.00, 17.00] * | 17.00 | 16.07 | 16.55 | 16.65 | 15.84 | 18.41 | 12.25 | Y/n/Y/Y/n/n |
| 23 | utilities | 5 | 1 | [2,641.40, 2,823.00] | 2,754.40 | 2,754.39 | 2,699.99 | 2,713.18 | 2,813.94 | 2,680.15 | 2,877.85 | Y/Y/Y/Y/Y/Y |
| 23 | healthcare | 5 | 1 | [1,315.60, 1,497.20] | 1,361.60 | 1,361.55 | 1,378.80 | 1,391.50 | 1,341.05 | 1,377.89 | 1,341.05 | Y/Y/Y/Y/Y/Y |
| 23 | groceries | 25 | 1 | [1,725.00, 1,746.60] * | 1,732.40 | 1,732.48 | 1,732.74 | 1,735.77 | 1,706.85 | 1,257.56 | 1,401.85 | Y/Y/Y/Y/n/n |
| 23 | transport | 13 | 1 | [876.20, 948.00] | 888.40 | 888.44 | 902.09 | 912.17 | 896.02 | 783.18 | 682.68 | Y/Y/Y/Y/Y/n |
| 24 | utilities | 5 | 1 | [3,120, 3,460] | 3,300 | 3,304 | 3,270 | 3,291 | 3,335 | 3,490 | 3,050 | Y/Y/Y/Y/Y/n |
| 24 | shopping | 5 | 1 | [2,400, 2,720] | 2,510 | 2,514 | 2,540 | 2,560 | 2,515 | 2,564 | 2,410 | Y/Y/Y/Y/Y/Y |
| 24 | entertainment | 5 | 1 | [1,900, 2,090] | 1,930 | 1,931 | 1,985 | 1,997 | 1,896 | 1,896 | 1,871 | Y/Y/Y/Y/Y/Y |
| 24 | groceries | 18 | 1 | [2,320, 2,530] | 2,320 | 2,290 | 2,392 | 2,423 | 2,249 | 2,321 | 2,887 | Y/n/Y/Y/n/Y |
| 24 | transport | 36 | 2 | [1,380, 1,410] * | 1,380 | 1,359 | 1,391 | 1,397 | 1,330 | 1,593 | 1,664 | Y/n/Y/Y/n/n |
| 25 | utilities | 5 | 1 | [1,251,100, 1,365,700] | 1,323,700 | 1,323,655 | 1,301,554 | 1,308,438 | 1,338,903 | 1,201,904 | 1,338,903 | Y/Y/Y/Y/Y/n |
| 25 | shopping | 5 | 1 | [1,044,900, 1,098,600] * | 1,059,000 | 1,059,029 | 1,068,529 | 1,071,753 | 1,054,608 | 1,170,271 | 966,786 | Y/Y/Y/Y/Y/n |
| 25 | entertainment | 5 | 1 | [450,700, 472,400] * | 459,600 | 459,592 | 460,216 | 461,524 | 451,682 | 426,338 | 451,682 | Y/Y/Y/Y/Y/n |
| 25 | groceries | 18 | 1 | [1,180,300, 1,200,900] * | 1,199,200 | 1,199,175 | 1,187,691 | 1,190,593 | 1,231,723 | 1,472,349 | 1,348,940 | Y/Y/Y/Y/n/n |
| 25 | transport | 36 | 1 | [582,800, 618,700] | 592,500 | 592,511 | 595,734 | 600,764 | 585,492 | 571,597 | 725,794 | Y/Y/Y/Y/Y/n |
| 25 | dining | 25 | 1 | [985,500, 1,028,800] * | 1,028,800 | 1,034,677 | 1,001,078 | 1,007,162 | 1,051,250 | 1,133,037 | 979,886 | Y/n/Y/Y/n/n |

(* = implied range narrower than 6 % of the amount; a 'Y' means the estimator is within half a grid step of the range)
hits on the informative series: {'engine': '22/29', 'mean': '14/29', 'mid': '25/29', 'imid': '22/29', 'median': '9/29', 'last': '2/29'}

### structural samples: periodic occurrence dates up to the trough

request_04 IDR request 2024-06-04 payday 2024-06-15 T=2024-06-13 residual=8,291,600 engine=6,064,100
  utilities     monthly  step=30 occ= 1 amt=2,003,400 last hist ['2024-03-05', '2024-04-05', '2024-05-05'] -> projected ['2024-06-05']
  groceries     periodic step= 7 occ= 1 amt=1,493,100 last hist ['2024-05-18', '2024-05-25', '2024-06-01'] -> projected ['2024-06-08']
  transport     periodic step= 7 occ= 1 amt=819,000 last hist ['2024-05-19', '2024-05-26', '2024-06-02'] -> projected ['2024-06-09']
  dining        periodic step=14 occ= 1 amt=1,748,600 last hist ['2024-04-29', '2024-05-13', '2024-05-27'] -> projected ['2024-06-10']

request_05 ZAR request 2025-11-06 payday None T=2026-01-27 residual=15,721.20 engine=15,232.20
  utilities     monthly  step=30 occ= 3 amt=686.40 last hist ['2025-08-06', '2025-09-06', '2025-10-06'] -> projected ['2025-11-06', '2025-12-06', '2026-01-06']
  healthcare    monthly  step=30 occ= 3 amt=699.00 last hist ['2025-08-10', '2025-09-10', '2025-10-10'] -> projected ['2025-11-10', '2025-12-10', '2026-01-10']
  groceries     periodic step= 7 occ=12 amt=715.80 last hist ['2025-10-21', '2025-10-28', '2025-11-04'] -> projected ['2025-11-11', '2025-11-18', '2025-11-25', '2025-12-02', '2025-12-09', '2025-12-16', '2025-12-23', '2025-12-30', '2026-01-06', '2026-01-13', '2026-01-20', '2026-01-27']
  transport     periodic step=14 occ= 6 amt=414.40 last hist ['2025-10-01', '2025-10-15', '2025-10-29'] -> projected ['2025-11-12', '2025-11-26', '2025-12-10', '2025-12-24', '2026-01-07', '2026-01-21']

request_06 EUR request 2026-01-03 payday 2026-01-15 T=2026-01-13 residual=235.00 engine=284.00
  utilities     monthly  step=30 occ= 1 amt=56.00 last hist ['2025-10-07', '2025-11-07', '2025-12-07'] -> projected ['2026-01-07']
  shopping      monthly  step=30 occ= 1 amt=42.00 last hist ['2025-10-13', '2025-11-13', '2025-12-13'] -> projected ['2026-01-13']
  groceries     periodic step=10 occ= 1 amt=44.00 last hist ['2025-12-08', '2025-12-18', '2025-12-28'] -> projected ['2026-01-07']
  transport     periodic step= 5 occ= 2 amt=26.00 last hist ['2025-12-19', '2025-12-24', '2025-12-29'] -> projected ['2026-01-08', '2026-01-13']
  dining        periodic step= 7 occ= 2 amt=45.00 last hist ['2025-12-14', '2025-12-21', '2025-12-28'] -> projected ['2026-01-04', '2026-01-11']

request_10 INR request 2024-12-06 payday None T=2025-02-28 residual=279,100 engine=252,630
  utilities     monthly  step=30 occ= 3 amt=17,170 last hist ['2024-09-07', '2024-10-07', '2024-11-07'] -> projected ['2024-12-07', '2025-01-07', '2025-02-07']
  groceries     periodic step= 7 occ=12 amt=10,780 last hist ['2024-11-21', '2024-11-28', '2024-12-05'] -> projected ['2024-12-12', '2024-12-19', '2024-12-26', '2025-01-02', '2025-01-09', '2025-01-16', '2025-01-23', '2025-01-30', '2025-02-06', '2025-02-13', '2025-02-20', '2025-02-27']
  transport     periodic step= 7 occ=12 amt=5,980 last hist ['2024-11-15', '2024-11-22', '2024-11-29'] -> projected ['2024-12-13', '2024-12-20', '2024-12-27', '2025-01-03', '2025-01-10', '2025-01-17', '2025-01-24', '2025-01-31', '2025-02-07', '2025-02-14', '2025-02-21', '2025-02-28']

request_13 EUR request 2024-03-07 payday 2024-03-15 T=2024-05-14 residual=2,165.00 engine=2,128.00
  utilities     monthly  step=30 occ= 2 amt=146.00 last hist ['2024-01-06', '2024-02-06', '2024-03-06'] -> projected ['2024-04-06', '2024-05-06']
  entertainment monthly  step=30 occ= 3 amt=34.00 last hist ['2023-12-14', '2024-01-14', '2024-02-14'] -> projected ['2024-03-14', '2024-04-14', '2024-05-14']
  groceries     periodic step= 7 occ=10 amt=100.00 last hist ['2024-02-20', '2024-02-27', '2024-03-05'] -> projected ['2024-03-12', '2024-03-19', '2024-03-26', '2024-04-02', '2024-04-09', '2024-04-16', '2024-04-23', '2024-04-30', '2024-05-07', '2024-05-14']
  transport     periodic step= 7 occ= 9 amt=46.00 last hist ['2024-02-21', '2024-02-28', '2024-03-06'] -> projected ['2024-03-13', '2024-03-20', '2024-03-27', '2024-04-03', '2024-04-10', '2024-04-17', '2024-04-24', '2024-05-01', '2024-05-08']
  dining        periodic step=14 occ= 5 amt=64.00 last hist ['2024-02-01', '2024-02-15', '2024-02-29'] -> projected ['2024-03-14', '2024-03-28', '2024-04-11', '2024-04-25', '2024-05-09']

request_15 EUR request 2026-01-06 payday 2026-01-15 T=2026-01-14 residual=189.00 engine=214.00
  utilities     monthly  step=30 occ= 1 amt=86.00 last hist ['2025-10-08', '2025-11-08', '2025-12-08'] -> projected ['2026-01-08']
  groceries     periodic step= 7 occ= 1 amt=60.00 last hist ['2025-12-16', '2025-12-23', '2025-12-30'] -> projected ['2026-01-13']
  transport     periodic step= 7 occ= 2 amt=34.00 last hist ['2025-12-17', '2025-12-24', '2025-12-31'] -> projected ['2026-01-07', '2026-01-14']

### wider count search (periodic +/-3, monthly +/-1) for the unexplained samples
request_04 ours=(1, 1, 1, 1) [utili groce trans dinin] -> (2, 1, 1, 1) L1=1, (1, 1, 2, 2) L1=2, (1, 2, 2, 1) L1=2, (1, 0, 1, 3) L1=3, (1, 1, 0, 3) L1=3, (1, 1, 4, 1) L1=3, (1, 2, 0, 2) L1=3, (1, 3, 0, 1) L1=3 ...
request_05 ours=(3, 3, 12, 6) [utili healt groce trans] -> (3, 3, 12, 7) L1=1, (3, 3, 13, 6) L1=1, (3, 4, 12, 6) L1=1, (4, 3, 12, 6) L1=1, (3, 3, 12, 8) L1=2, (3, 3, 13, 7) L1=2, (3, 4, 12, 7) L1=2, (4, 3, 12, 7) L1=2 ...
request_10 ours=(3, 12, 12) [utili groce trans] -> (3, 14, 12) L1=2, (4, 12, 13) L1=2, (4, 13, 12) L1=2, (3, 13, 14) L1=3, (3, 14, 13) L1=3, (4, 13, 11) L1=3, (3, 13, 15) L1=4, (3, 15, 11) L1=4 ...
request_13 ours=(2, 3, 10, 9, 5) [utili enter groce trans dinin] -> (2, 3, 10, 10, 5) L1=1, (2, 2, 10, 10, 5) L1=2, (2, 2, 11, 9, 5) L1=2, (2, 3, 10, 11, 5) L1=2, (2, 3, 11, 8, 5) L1=2, (2, 3, 11, 9, 4) L1=2, (2, 4, 10, 10, 5) L1=2, (3, 3, 9, 9, 5) L1=2 ...

### horizon sensitivity for the samples whose trough is the horizon end (no income) or multi-cycle
h=84: 05: T=2026-01-27 counts=(3, 3, 12, 6) resid=15,721.20 eng=15,232.20 (+3.2%) band=[14,457.68,15,397.83] out exact=0 | 10: T=2025-02-28 counts=(3, 12, 12) resid=279,100 eng=252,630 (+10.5%) band=[250,155,258,064] out exact=0 | 12: cap eng=65,164.00 vs 65,164.00 | 13: T=2024-05-14 counts=(2, 3, 10, 9, 5) resid=2,165.00 eng=2,128.00 (+1.7%) band=[2,061.41,2,178.92] IN exact=0
h=85: 05: T=2026-01-27 counts=(3, 3, 12, 6) resid=15,721.20 eng=15,232.20 (+3.2%) band=[14,457.68,15,397.83] out exact=0 | 10: T=2025-02-28 counts=(3, 12, 12) resid=279,100 eng=252,630 (+10.5%) band=[250,155,258,064] out exact=0 | 12: cap eng=65,164.00 vs 65,164.00 | 13: T=2024-05-14 counts=(2, 3, 10, 9, 5) resid=2,165.00 eng=2,128.00 (+1.7%) band=[2,061.41,2,178.92] IN exact=0
h=86: 05: T=2026-01-27 counts=(3, 3, 12, 6) resid=15,721.20 eng=15,232.20 (+3.2%) band=[14,457.68,15,397.83] out exact=0 | 10: T=2025-02-28 counts=(3, 12, 12) resid=279,100 eng=252,630 (+10.5%) band=[250,155,258,064] out exact=0 | 12: cap eng=65,164.00 vs 65,164.00 | 13: T=2024-05-14 counts=(2, 3, 10, 9, 5) resid=2,165.00 eng=2,128.00 (+1.7%) band=[2,061.41,2,178.92] IN exact=0
h=87: 05: T=2026-01-27 counts=(3, 3, 12, 6) resid=15,721.20 eng=15,232.20 (+3.2%) band=[14,457.68,15,397.83] out exact=0 | 10: T=2025-03-03 counts=(3, 12, 12) resid=210,000 eng=252,630 (-16.9%) band=[250,155,258,064] out exact=0 | 12: cap eng=60,754.39 vs 65,164.00 | 13: T=2024-05-14 counts=(2, 3, 10, 9, 5) resid=2,165.00 eng=2,128.00 (+1.7%) band=[2,061.41,2,178.92] IN exact=0
h=88: 05: T=2026-02-02 counts=(3, 3, 12, 6) resid=10,749.20 eng=15,232.20 (-29.4%) band=[14,457.68,15,397.83] out exact=0 | 10: T=2025-03-03 counts=(3, 12, 12) resid=210,000 eng=252,630 (-16.9%) band=[250,155,258,064] out exact=0 | 12: cap eng=60,754.39 vs 65,164.00 | 13: T=2024-05-14 counts=(2, 3, 10, 9, 5) resid=2,165.00 eng=2,128.00 (+1.7%) band=[2,061.41,2,178.92] IN exact=0
h=89: 05: T=2026-02-03 counts=(3, 3, 13, 6) resid=10,749.20 eng=15,948.00 (-32.6%) band=[15,124.41,16,113.66] out exact=0 | 10: T=2025-03-03 counts=(3, 12, 12) resid=210,000 eng=252,630 (-16.9%) band=[250,155,258,064] out exact=0 | 12: cap eng=60,754.39 vs 65,164.00 | 13: T=2024-05-14 counts=(2, 3, 10, 9, 5) resid=2,165.00 eng=2,128.00 (+1.7%) band=[2,061.41,2,178.92] IN exact=0
h=90: 05: T=2026-02-04 counts=(3, 3, 13, 7) resid=10,749.20 eng=16,362.40 (-34.3%) band=[15,518.34,16,545.60] out exact=0 | 10: T=2025-03-06 counts=(3, 13, 12) resid=210,000 eng=263,410 (-20.3%) band=[260,797,269,191] out exact=0 | 12: cap eng=60,754.39 vs 65,164.00 | 13: T=2024-05-14 counts=(2, 3, 10, 9, 5) resid=2,165.00 eng=2,128.00 (+1.7%) band=[2,061.41,2,178.92] IN exact=0
