### binding-day scan: days T for which residual(T) lies inside the band-feasible interval of the unknown block
| req | engine T | payday | feasible T days (first..last, count) | exact-grid T days | residual at engine T inside? |
|---|---|---|---|---|---|
| 02 | 2025-08-14 | 2025-08-15 | 2025-08-14..2025-08-14 (1) | 2025-08-14..2025-08-14 (1) | yes |
| 03 | 2019-09-14 | 2019-09-15 | 2019-09-14..2019-09-14 (1) | 2019-09-14..2019-09-14 (1) | yes |
| 04 | 2024-06-13 | 2024-06-15 | none | none | NO |
| 05 | 2026-01-27 | - | none | none | NO |
| 06 | 2026-01-13 | 2026-01-15 | none | none | NO |
| 07 | 2024-09-20 | 2024-09-23 | 2024-09-20..2024-09-22 (3) | 2024-09-20..2024-09-22 (3) | yes |
| 08 | 2025-02-13 | 2025-02-15 | 2025-02-13..2025-02-14 (2) | 2025-02-13..2025-02-14 (2) | yes |
| 10 | 2025-02-28 | - | none | none | NO |
| 11 | 2025-05-14 | 2025-05-15 | 2025-05-14..2025-05-14 (1) | 2025-05-14..2025-05-14 (1) | yes |
| 13 | 2024-05-14 | 2024-03-15 | 2024-05-14..2024-05-14 (1) | none | yes |
| 14 | 2025-08-14 | 2025-08-15 | 2025-08-14..2025-08-14 (1) | 2025-08-14..2025-08-14 (1) | yes |
| 15 | 2026-01-14 | 2026-01-15 | 2026-01-13..2026-01-13 (1) | 2026-01-13..2026-01-13 (1) | NO |
| 17 | 2026-03-14 | 2026-03-15 | 2026-03-14..2026-03-14 (1) | 2026-03-14..2026-03-14 (1) | yes |
| 18 | 2026-07-14 | 2026-07-15 | 2026-07-14..2026-07-14 (1) | 2026-07-14..2026-07-14 (1) | yes |
| 19 | 2024-09-14 | 2024-09-15 | 2024-09-14..2024-09-14 (1) | 2024-09-14..2024-09-14 (1) | yes |
| 20 | 2026-02-14 | 2026-02-15 | 2026-02-14..2026-02-14 (1) | 2026-02-14..2026-02-14 (1) | yes |
| 21 | 2026-04-14 | 2026-04-15 | 2026-04-14..2026-04-14 (1) | 2026-04-14..2026-04-14 (1) | yes |
| 22 | 2024-12-14 | 2024-12-15 | 2024-12-14..2024-12-14 (1) | 2024-12-14..2024-12-14 (1) | yes |
| 23 | 2025-05-14 | 2025-05-15 | 2025-05-14..2025-05-14 (1) | 2025-05-14..2025-05-14 (1) | yes |
| 24 | 2026-01-13 | 2026-01-15 | 2026-01-13..2026-01-14 (2) | 2026-01-13..2026-01-14 (2) | yes |
| 25 | 2024-03-14 | 2024-03-15 | 2024-03-14..2024-03-14 (1) | 2024-03-14..2024-03-14 (1) | yes |

### certain items and all flows up to horizon end for the structural samples

request_04 IDR rq=2024-06-04 end=2024-08-27 T=2024-06-13 paydays=[datetime.date(2024, 6, 15), datetime.date(2024, 7, 15), datetime.date(2024, 8, 15)]
  flow   2024-06-11   -1,704,300.00 known_debit  Scheduled school fee
  flow   2024-06-15   38,190,000.00 salary       salary
  flow   2024-07-15   38,190,000.00 salary       salary
  flow   2024-08-15   38,190,000.00 salary       salary
  series constant rent          monthly  step=30 amt=12,293,000.00 n= 6 dates=['2024-07-01', '2024-08-01']
  series fixed    utilities     monthly  step=30 amt= 2,003,400.00 n= 5 dates=['2024-06-05', '2024-07-05', '2024-08-05']
  series constant music_subscription monthly  step=30 amt=   332,500.00 n= 5 dates=['2024-06-10', '2024-07-10', '2024-08-10']
  series constant delivery_membership monthly  step=30 amt=   377,150.00 n= 5 dates=['2024-06-12', '2024-07-12', '2024-08-12']
  series constant gym           monthly  step=30 amt= 1,027,900.00 n= 5 dates=['2024-06-09', '2024-07-09', '2024-08-09']
  series leaked   entertainment monthly  step=30 amt= 1,385,100.00 n= 5 dates=['2024-06-13', '2024-07-13', '2024-08-13']
  series fixed    groceries     periodic step= 7 amt= 1,493,100.00 n=26 dates=['2024-06-08', '2024-06-15', '2024-06-22', '2024-06-29', '2024-07-06', '2024-07-13', '2024-07-20', '2024-07-27', '2024-08-03', '2024-08-10', '2024-08-17', '2024-08-24']
  series fixed    transport     periodic step= 7 amt=   819,000.00 n=26 dates=['2024-06-09', '2024-06-16', '2024-06-23', '2024-06-30', '2024-07-07', '2024-07-14', '2024-07-21', '2024-07-28', '2024-08-04', '2024-08-11', '2024-08-18', '2024-08-25']
  series fixed    dining        periodic step=14 amt= 1,748,600.00 n=13 dates=['2024-06-10', '2024-06-24', '2024-07-08', '2024-07-22', '2024-08-05', '2024-08-19']

request_05 ZAR rq=2025-11-06 end=2026-01-29 T=2026-01-27 paydays=[]
  series constant rent          monthly  step=30 amt=     4,972.00 n= 6 dates=['2025-12-02', '2026-01-02']
  series fixed    utilities     monthly  step=30 amt=       686.40 n= 5 dates=['2025-11-06', '2025-12-06', '2026-01-06']
  series constant debt_repayment monthly  step=30 amt=       968.00 n= 5 dates=['2025-11-11', '2025-12-11', '2026-01-11']
  series fixed    healthcare    monthly  step=30 amt=       699.00 n= 5 dates=['2025-11-10', '2025-12-10', '2026-01-10']
  series constant family_support monthly  step=30 amt=       840.40 n= 5 dates=['2025-11-13', '2025-12-13', '2026-01-13']
  series constant cloud_storage monthly  step=30 amt=       113.30 n= 5 dates=['2025-11-12', '2025-12-12', '2026-01-12']
  series leaked   shopping      monthly  step=30 amt=       402.60 n= 5 dates=['2025-11-12', '2025-12-12', '2026-01-12']
  series fixed    groceries     periodic step= 7 amt=       715.80 n=26 dates=['2025-11-11', '2025-11-18', '2025-11-25', '2025-12-02', '2025-12-09', '2025-12-16', '2025-12-23', '2025-12-30', '2026-01-06', '2026-01-13', '2026-01-20', '2026-01-27']
  series fixed    transport     periodic step=14 amt=       414.40 n=13 dates=['2025-11-12', '2025-11-26', '2025-12-10', '2025-12-24', '2026-01-07', '2026-01-21']

request_06 EUR rq=2026-01-03 end=2026-03-28 T=2026-01-13 paydays=[datetime.date(2026, 1, 15), datetime.date(2026, 2, 15), datetime.date(2026, 3, 15)]
  flow   2026-01-15        1,037.52 salary       salary
  flow   2026-02-15        1,441.00 salary       salary
  flow   2026-03-15        1,441.00 salary       salary
  series constant rent          monthly  step=30 amt=       254.10 n= 5 dates=['2026-01-03', '2026-02-03', '2026-03-03']
  series fixed    utilities     monthly  step=30 amt=        56.00 n= 5 dates=['2026-01-07', '2026-02-07', '2026-03-07']
  series constant insurance     monthly  step=30 amt=        26.00 n= 5 dates=['2026-01-08', '2026-02-08', '2026-03-08']
  series constant cloud_storage monthly  step=30 amt=         5.00 n= 5 dates=['2026-01-13', '2026-02-13', '2026-03-13']
  series constant streaming     monthly  step=30 amt=        19.00 n= 5 dates=['2026-01-10', '2026-02-10', '2026-03-10']
  series fixed    shopping      monthly  step=30 amt=        42.00 n= 5 dates=['2026-01-13', '2026-02-13', '2026-03-13']
  series fixed    entertainment monthly  step=30 amt=        35.00 n= 5 dates=['2026-01-15', '2026-02-15', '2026-03-15']
  series fixed    groceries     periodic step=10 amt=        44.00 n=18 dates=['2026-01-07', '2026-01-17', '2026-01-27', '2026-02-06', '2026-02-16', '2026-02-26', '2026-03-08', '2026-03-18', '2026-03-28']
  series fixed    transport     periodic step= 5 amt=        26.00 n=35 dates=['2026-01-08', '2026-01-13', '2026-01-18', '2026-01-23', '2026-01-28', '2026-02-02', '2026-02-07', '2026-02-12', '2026-02-17', '2026-02-22', '2026-02-27', '2026-03-04', '2026-03-09', '2026-03-14', '2026-03-19', '2026-03-24']
  series fixed    dining        periodic step= 7 amt=        45.00 n=25 dates=['2026-01-04', '2026-01-11', '2026-01-18', '2026-01-25', '2026-02-01', '2026-02-08', '2026-02-15', '2026-02-22', '2026-03-01', '2026-03-08', '2026-03-15', '2026-03-22']

request_10 INR rq=2024-12-06 end=2025-02-28 T=2025-02-28 paydays=[]
  series constant rent          monthly  step=30 amt=    69,100.00 n= 6 dates=['2025-01-03', '2025-02-03']
  series fixed    utilities     monthly  step=30 amt=    17,170.00 n= 5 dates=['2024-12-07', '2025-01-07', '2025-02-07']
  series constant music_subscription monthly  step=30 amt=     2,800.00 n= 5 dates=['2024-12-12', '2025-01-12', '2025-02-12']
  series constant delivery_membership monthly  step=30 amt=     1,895.00 n= 5 dates=['2024-12-14', '2025-01-14', '2025-02-14']
  series constant gym           monthly  step=30 amt=     4,860.00 n= 5 dates=['2024-12-11', '2025-01-11', '2025-02-11']
  series leaked   entertainment monthly  step=30 amt=     4,390.00 n= 5 dates=['2024-12-15', '2025-01-15', '2025-02-15']
  series fixed    groceries     periodic step= 7 amt=    10,780.00 n=26 dates=['2024-12-12', '2024-12-19', '2024-12-26', '2025-01-02', '2025-01-09', '2025-01-16', '2025-01-23', '2025-01-30', '2025-02-06', '2025-02-13', '2025-02-20', '2025-02-27']
  series fixed    transport     periodic step= 7 amt=     5,980.00 n=25 dates=['2024-12-13', '2024-12-20', '2024-12-27', '2025-01-03', '2025-01-10', '2025-01-17', '2025-01-24', '2025-01-31', '2025-02-07', '2025-02-14', '2025-02-21', '2025-02-28']
  series leaked   dining        periodic step=14 amt=     8,820.00 n=13 dates=['2024-12-14', '2024-12-28', '2025-01-11', '2025-01-25', '2025-02-08', '2025-02-22']

request_15 EUR rq=2026-01-06 end=2026-03-31 T=2026-01-14 paydays=[datetime.date(2026, 1, 15), datetime.date(2026, 2, 15), datetime.date(2026, 3, 15)]
  flow   2026-01-15        1,661.00 salary       salary
  flow   2026-02-15        1,661.00 salary       salary
  flow   2026-03-15        1,661.00 salary       salary
  series constant rent          monthly  step=30 amt=       435.60 n= 6 dates=['2026-02-04', '2026-03-04']
  series fixed    utilities     monthly  step=30 amt=        86.00 n= 5 dates=['2026-01-08', '2026-02-08', '2026-03-08']
  series constant education     monthly  step=30 amt=       159.00 n= 5 dates=['2026-01-10', '2026-02-10', '2026-03-10']
  series constant debt_repayment monthly  step=30 amt=        84.00 n= 5 dates=['2026-01-13', '2026-02-13', '2026-03-13']
  series constant music_subscription monthly  step=30 amt=        11.00 n= 5 dates=['2026-01-13', '2026-02-13', '2026-03-13']
  series constant delivery_membership monthly  step=30 amt=        27.00 n= 5 dates=['2026-01-15', '2026-02-15', '2026-03-15']
  series fixed    groceries     periodic step= 7 amt=        60.00 n=25 dates=['2026-01-13', '2026-01-20', '2026-01-27', '2026-02-03', '2026-02-10', '2026-02-17', '2026-02-24', '2026-03-03', '2026-03-10', '2026-03-17', '2026-03-24', '2026-03-31']
  series fixed    transport     periodic step= 7 amt=        34.00 n=25 dates=['2026-01-07', '2026-01-14', '2026-01-21', '2026-01-28', '2026-02-04', '2026-02-11', '2026-02-18', '2026-02-25', '2026-03-04', '2026-03-11', '2026-03-18', '2026-03-25']
  series leaked   dining        periodic step=14 amt=        44.00 n=13 dates=['2026-01-10', '2026-01-24', '2026-02-07', '2026-02-21', '2026-03-07', '2026-03-21']

### no-income samples: residual vs k x monthly rate of the unknown block
  request_05 residual=15,721.20 monthly rate (30 d/m)=5,341.11 -> k=2.943; 3x=16,023.34 (+1.9%)
  request_05 residual=15,721.20 monthly rate (30.4375 d/m)=5,398.80 -> k=2.912; 3x=16,196.41 (+3.0%)
  request_05 residual=15,721.20 monthly rate (31 d/m)=5,472.97 -> k=2.873; 3x=16,418.91 (+4.4%)
  request_05 continuous 84-day rate: 14,899.36 (-5.2%)
  request_05 continuous 90-day rate: 15,963.60 (+1.5%)
  request_05 continuous 91-day rate: 16,140.98 (+2.7%)
  request_05 continuous 92-day rate: 16,318.35 (+3.8%)
  request_10 residual=279,100 monthly rate (30 d/m)=88,999 -> k=3.136; 3x=266,996 (-4.3%)
  request_10 residual=279,100 monthly rate (30.4375 d/m)=90,046 -> k=3.100; 3x=270,138 (-3.2%)
  request_10 residual=279,100 monthly rate (31 d/m)=91,393 -> k=3.054; 3x=274,179 (-1.8%)
  request_10 continuous 84-day rate: 248,505 (-11.0%)
  request_10 continuous 90-day rate: 266,255 (-4.6%)
  request_10 continuous 91-day rate: 269,214 (-3.5%)
  request_10 continuous 92-day rate: 272,172 (-2.5%)
